Starting project at C:\Users\Administrador\Documents\Default Project\app-movil
Starting Metro Bundler

Waiting on http://localhost:8081

Logs for your project will appear below.
Android Bundled 4253ms index.ts (1045 modules)
Android Bundled 1745ms index.ts (1097 modules)
Android Bundled 577ms index.ts (1 module)
Android Bundled 540ms index.ts (1 module)
Android Bundled 410ms index.ts (1 module)
Android Bundled 362ms index.ts (1 module)
Android Bundled 503ms index.ts (1 module)
Android Bundled 554ms index.ts (1 module)
Android Bundled 162ms index.ts (1 module)
Android Bundled 34ms index.ts (1 module)
Android Bundled 308ms index.ts (1 module)
Android Bundled 394ms index.ts (1 module)
Android Bundled 647ms index.ts (1 module)
Android Bundled 164ms index.ts (1 module)
Android Bundled 386ms index.ts (1 module)
Android Bundled 555ms index.ts (1 module)
Android Bundled 24ms index.ts (1 module)
Android Bundled 210ms index.ts (1 module)
Android Bundled 24ms index.ts (1 module)
Android Bundled 166ms index.ts (1 module)
Android Bundled 166ms index.ts (1 module)
Android Bundled 227ms index.ts (1 module)
Android Bundled 33ms index.ts (1 module)
Android Bundled 24ms index.ts (1 module)
Android Bundled 290ms index.ts (1 module)
Android Bundled 26ms index.ts (1 module)
Android Bundled 24ms index.ts (1 module)
Android Bundled 770ms index.ts (1 module)
Android Bundled 28ms index.ts (1 module)
